// Jest Snapshot v1, https://goo.gl/fbAQLP

exports[`DateRangePicker renders correctly 1`] = `
<DocumentFragment>
  <div>
    <div
      class="react-datepicker-wrapper"
    >
      <div
        class="react-datepicker__input-container"
      >
        <input
          class=""
          type="text"
          value="5 May, 2024"
        />
      </div>
    </div>
    <div
      class="react-datepicker-wrapper"
    >
      <div
        class="react-datepicker__input-container"
      >
        <input
          class=""
          type="text"
          value="5 May, 2024"
        />
      </div>
    </div>
  </div>
</DocumentFragment>
`;
